[magictradersignals.com/acessar/index3344.html]
[backblue.gif]
[fade.gif]
[index.html]
[magictradersignals.com/wp-content/uploads/2023/08/pngegg-1.png]
[magictradersignals.com/acessar/index.html]
[magictradersignals.com/wp-includes/css/dist/block-library/style.min3a9e.css]
[magictradersignals.com/wp-content/plugins/jet-engine/assets/css/frontend8f3a.css]
[magictradersignals.com/wp-includes/css/classic-themes.min3a9e.css]
[magictradersignals.com/wp-content/plugins/secure-copy-content-protection/public/css/secure-copy-content-protection-public0527.css]
[magictradersignals.com/wp-content/themes/hello-elementor/style.min653d.css]
[magictradersignals.com/wp-content/themes/hello-elementor/theme.min653d.css]
[magictradersignals.com/wp-content/plugins/elementor/assets/css/frontend-lite.min6319.css]
[magictradersignals.com/wp-content/uploads/elementor/css/post-5f065.css]
[magictradersignals.com/wp-content/plugins/elementor/assets/lib/eicons/css/elementor-icons.mind618.css]
[magictradersignals.com/wp-content/plugins/elementor/assets/lib/swiper/v8/css/swiper.min94a4.css]
[magictradersignals.com/wp-content/plugins/pro-elements/assets/css/frontend-lite.min2e9d.css]
[magictradersignals.com/wp-content/plugins/elementor/assets/lib/font-awesome/css/font-awesome.min1849.css]
[magictradersignals.com/wp-content/uploads/elementor/css/globalf065.css]
[magictradersignals.com/wp-content/uploads/elementor/css/post-157ec61.css]
[magictradersignals.com/wp-content/plugins/happy-elementor-addons/assets/fonts/style.min688f.css]
[magictradersignals.com/wp-includes/js/jquery/jquery.min5aed.js]
[magictradersignals.com/wp-includes/js/jquery/jquery-migrate.min6b00.js]
[magictradersignals.com/wp-content/uploads/2023/06/03-FAVICON-150x150.png]
[magictradersignals.com/wp-content/uploads/2023/06/03-FAVICON.png]
[magictradersignals.com/wp-content/uploads/2023/08/pngegg-1-1024x576.png]
[magictradersignals.com/wp-content/uploads/2023/08/google-play.png]
[magictradersignals.com/wp-content/uploads/2023/08/TM-ING-5.jpg]
[magictradersignals.com/wp-content/uploads/2023/08/TM-ING-5-768x1097.jpg]
[magictradersignals.com/wp-content/uploads/2023/08/TM-ING-4.jpg]
[magictradersignals.com/wp-content/uploads/2023/08/TM-ING-4-768x977.jpg]
[magictradersignals.com/wp-content/uploads/2023/08/TM-ING-3.jpg]
[magictradersignals.com/wp-content/uploads/2023/08/TM-ING-3-768x1190.jpg]
[magictradersignals.com/wp-content/uploads/2023/08/TM-ING-2.jpg]
[magictradersignals.com/wp-content/uploads/2023/08/TM-ING-2-768x1031.jpg]
[magictradersignals.com/wp-content/uploads/2023/08/TM-ING-1.jpg]
[magictradersignals.com/wp-content/uploads/2023/08/TM-ING-1-768x1052.jpg]
[magictradersignals.com/wp-content/uploads/2023/08/TM-ING-7.jpg]
[magictradersignals.com/wp-content/uploads/2023/08/TM-ING-8.jpg]
[magictradersignals.com/wp-content/uploads/2023/08/TM-ING-8-768x1135.jpg]
[magictradersignals.com/wp-content/uploads/2023/08/TM-ING-9.jpg]
[magictradersignals.com/wp-content/themes/hello-elementor/assets/js/hello-frontend.min8a54.js]
[magictradersignals.com/wp-content/plugins/happy-elementor-addons/assets/js/happy-addons.min688f.js]
[magictradersignals.com/wp-content/plugins/pro-elements/assets/js/webpack-pro.runtime.min2e9d.js]
[magictradersignals.com/wp-content/plugins/elementor/assets/js/webpack.runtime.min6319.js]
[magictradersignals.com/wp-content/plugins/elementor/assets/js/frontend-modules.min6319.js]
[magictradersignals.com/wp-includes/js/dist/vendor/wp-polyfill-inert.min0226.js]
[magictradersignals.com/wp-includes/js/dist/vendor/regenerator-runtime.min8fa4.js]
[magictradersignals.com/wp-includes/js/dist/vendor/wp-polyfill.min2c7c.js]
[magictradersignals.com/wp-includes/js/dist/hooks.min6c65.js]
[magictradersignals.com/wp-includes/js/dist/i18n.mine57b.js]
[magictradersignals.com/wp-content/plugins/pro-elements/assets/js/frontend.min2e9d.js]
[magictradersignals.com/wp-content/plugins/elementor/assets/lib/waypoints/waypoints.min05da.js]
[magictradersignals.com/wp-includes/js/jquery/ui/core.min3f14.js]
[magictradersignals.com/wp-content/plugins/elementor/assets/js/frontend.min6319.js]
[magictradersignals.com/acessar/index3344.html]
[magictradersignals.com/wp-content/plugins/pro-elements/assets/js/elements-handlers.min2e9d.js]
[magictradersignals.com/acessar/e.src]
[magictradersignals.com/wp-content/cache/min/1/wp-content/plugins/jet-engine/assets/css/frontend31b9.css]
[magictradersignals.com/wp-content/cache/min/1/wp-content/plugins/secure-copy-content-protection/public/css/secure-copy-content-protection-public31b9.css]
[magictradersignals.com/wp-content/cache/min/1/wp-content/plugins/elementor/assets/lib/eicons/css/elementor-icons.min31b9.css]
[magictradersignals.com/acessar/Firefox/index.html]
[magictradersignals.com/wp-content/cache/min/1/wp-content/plugins/elementor/assets/lib/swiper/v8/css/swiper.min31b9.css]
[magictradersignals.com/wp-content/cache/min/1/wp-content/plugins/elementor/assets/lib/font-awesome/css/font-awesome.min31b9.css]
[magictradersignals.com/wp-content/cache/min/1/wp-content/plugins/happy-elementor-addons/assets/fonts/style.min31b9.css]
[magictradersignals.com/wp-content/plugins/wp-rocket/assets/img/youtube.png]
[magictradersignals.com/wp-content/plugins/wp-rocket/assets/js/lazyload/17.8.3/lazyload.min.js]
[magictradersignals.com/acessar/index.html]
[magictradersignals.com/wp-includes/css/dist/block-library/style.min3a9e.css]
[magictradersignals.com/wp-content/plugins/jet-engine/assets/css/frontend8f3a.css]
[magictradersignals.com/wp-includes/css/classic-themes.min3a9e.css]
[magictradersignals.com/wp-content/plugins/secure-copy-content-protection/public/css/secure-copy-content-protection-public0527.css]
[magictradersignals.com/wp-content/themes/hello-elementor/style.min653d.css]
[magictradersignals.com/wp-content/themes/hello-elementor/theme.min653d.css]
[magictradersignals.com/wp-content/plugins/elementor/assets/css/frontend-lite.min6319.css]
[magictradersignals.com/wp-content/uploads/elementor/css/post-5f065.css]
[magictradersignals.com/wp-content/plugins/elementor/assets/lib/eicons/css/elementor-icons.mind618.css]
[magictradersignals.com/wp-content/plugins/elementor/assets/lib/swiper/v8/css/swiper.min94a4.css]
[magictradersignals.com/wp-content/plugins/pro-elements/assets/css/frontend-lite.min2e9d.css]
[magictradersignals.com/wp-content/plugins/elementor/assets/lib/font-awesome/css/font-awesome.min1849.css]
[magictradersignals.com/wp-content/uploads/elementor/css/globalf065.css]
[magictradersignals.com/wp-content/uploads/elementor/css/post-157ec61.css]
[magictradersignals.com/wp-content/plugins/happy-elementor-addons/assets/fonts/happy-icons.woff2]
[magictradersignals.com/wp-content/plugins/happy-elementor-addons/assets/fonts/happy-icons.woff]
[magictradersignals.com/wp-content/plugins/happy-elementor-addons/assets/fonts/style.min688f.css]
[www.googletagmanager.com/gtm5445.html]
[magictradersignals.com/acessar/e.html]
[magictradersignals.com/acessar/Firefox/index.html]
[magictradersignals.com/wp-content/cache/min/1/wp-content/plugins/jet-engine/assets/css/frontend31b9.css]
[magictradersignals.com/wp-content/cache/min/1/wp-content/plugins/secure-copy-content-protection/public/css/secure-copy-content-protection-public31b9.css]
[magictradersignals.com/wp-content/cache/min/1/wp-content/plugins/elementor/assets/lib/eicons/css/elementor-icons.min31b9.css]
[magictradersignals.com/wp-content/cache/min/1/wp-content/plugins/elementor/assets/lib/swiper/v8/css/swiper.min31b9.css]
[magictradersignals.com/wp-content/cache/min/1/wp-content/plugins/elementor/assets/lib/font-awesome/css/font-awesome.min31b9.css]
[magictradersignals.com/wp-content/cache/min/1/wp-content/plugins/happy-elementor-addons/assets/fonts/style.min31b9.css]
[magictradersignals.com/wp-content/plugins/happy-elementor-addons/assets/fonts/happy-icons.svg]
